// Jest Snapshot v1, https://goo.gl/fbAQLP

exports[`CodingTaskApp has a valid snapshot 1`] = `
<div
  className="container"
>
  <h1>
    Available Products!
  </h1>
  
</div>
`;

exports[`Product Component Product has a valid snapshot 1`] = `
<div
  className="card"
>
  <div
    className="card-body"
  >
    <h5
      className="card-title"
    >
      Tshirt
    </h5>
    <p
      className="card-text"
    >
      USD
       
      50
    </p>
    <button
      className="btn btn-primary"
      onClick={[Function]}
    >
      Process to Buy
    </button>
    <span>
      Price: 
      <strong>
        USD
         
        50
      </strong>
    </span>
  </div>
</div>
`;
